Archive member included to satisfy reference by file (symbol)

C:/ST/STM32CubeIDE_1.15.1/STM32CubeIDE/plugins/com.st.stm32cube.ide.mcu.externaltools.gnu-tools-for-stm32.12.3.rel1.win32_1.0.100.202403111256/tools/bin/../lib/gcc/arm-none-eabi/12.3.1/../../../../arm-none-eabi/lib/thumb/v7e-m+fp/hard\libc_nano.a(libc_a-exit.o)
                              C:/ST/STM32CubeIDE_1.15.1/STM32CubeIDE/plugins/com.st.stm32cube.ide.mcu.externaltools.gnu-tools-for-stm32.12.3.rel1.win32_1.0.100.202403111256/tools/bin/../lib/gcc/arm-none-eabi/12.3.1/../../../../arm-none-eabi/lib/thumb/v7e-m+fp/hard/crt0.o (exit)
C:/ST/STM32CubeIDE_1.15.1/STM32CubeIDE/plugins/com.st.stm32cube.ide.mcu.externaltools.gnu-tools-for-stm32.12.3.rel1.win32_1.0.100.202403111256/tools/bin/../lib/gcc/arm-none-eabi/12.3.1/../../../../arm-none-eabi/lib/thumb/v7e-m+fp/hard\libc_nano.a(libc_a-findfp.o)
                              C:/ST/STM32CubeIDE_1.15.1/STM32CubeIDE/plugins/com.st.stm32cube.ide.mcu.externaltools.gnu-tools-for-stm32.12.3.rel1.win32_1.0.100.202403111256/tools/bin/../lib/gcc/arm-none-eabi/12.3.1/../../../../arm-none-eabi/lib/thumb/v7e-m+fp/hard\libc_nano.a(libc_a-exit.o) (__stdio_exit_handler)
C:/ST/STM32CubeIDE_1.15.1/STM32CubeIDE/plugins/com.st.stm32cube.ide.mcu.externaltools.gnu-tools-for-stm32.12.3.rel1.win32_1.0.100.202403111256/tools/bin/../lib/gcc/arm-none-eabi/12.3.1/../../../../arm-none-eabi/lib/thumb/v7e-m+fp/hard\libc_nano.a(libc_a-fwalk.o)
                              C:/ST/STM32CubeIDE_1.15.1/STM32CubeIDE/plugins/com.st.stm32cube.ide.mcu.externaltools.gnu-tools-for-stm32.12.3.rel1.win32_1.0.100.202403111256/tools/bin/../lib/gcc/arm-none-eabi/12.3.1/../../../../arm-none-eabi/lib/thumb/v7e-m+fp/hard\libc_nano.a(libc_a-findfp.o) (_fwalk_sglue)
C:/ST/STM32CubeIDE_1.15.1/STM32CubeIDE/plugins/com.st.stm32cube.ide.mcu.externaltools.gnu-tools-for-stm32.12.3.rel1.win32_1.0.100.202403111256/tools/bin/../lib/gcc/arm-none-eabi/12.3.1/../../../../arm-none-eabi/lib/thumb/v7e-m+fp/hard\libc_nano.a(libc_a-stdio.o)
                              C:/ST/STM32CubeIDE_1.15.1/STM32CubeIDE/plugins/com.st.stm32cube.ide.mcu.externaltools.gnu-tools-for-stm32.12.3.rel1.win32_1.0.100.202403111256/tools/bin/../lib/gcc/arm-none-eabi/12.3.1/../../../../arm-none-eabi/lib/thumb/v7e-m+fp/hard\libc_nano.a(libc_a-findfp.o) (__sread)
C:/ST/STM32CubeIDE_1.15.1/STM32CubeIDE/plugins/com.st.stm32cube.ide.mcu.externaltools.gnu-tools-for-stm32.12.3.rel1.win32_1.0.100.202403111256/tools/bin/../lib/gcc/arm-none-eabi/12.3.1/../../../../arm-none-eabi/lib/thumb/v7e-m+fp/hard\libc_nano.a(libc_a-memset.o)
                              C:/ST/STM32CubeIDE_1.15.1/STM32CubeIDE/plugins/com.st.stm32cube.ide.mcu.externaltools.gnu-tools-for-stm32.12.3.rel1.win32_1.0.100.202403111256/tools/bin/../lib/gcc/arm-none-eabi/12.3.1/../../../../arm-none-eabi/lib/thumb/v7e-m+fp/hard/crt0.o (memset)
C:/ST/STM32CubeIDE_1.15.1/STM32CubeIDE/plugins/com.st.stm32cube.ide.mcu.externaltools.gnu-tools-for-stm32.12.3.rel1.win32_1.0.100.202403111256/tools/bin/../lib/gcc/arm-none-eabi/12.3.1/../../../../arm-none-eabi/lib/thumb/v7e-m+fp/hard\libc_nano.a(libc_a-closer.o)
                              C:/ST/STM32CubeIDE_1.15.1/STM32CubeIDE/plugins/com.st.stm32cube.ide.mcu.externaltools.gnu-tools-for-stm32.12.3.rel1.win32_1.0.100.202403111256/tools/bin/../lib/gcc/arm-none-eabi/12.3.1/../../../../arm-none-eabi/lib/thumb/v7e-m+fp/hard\libc_nano.a(libc_a-stdio.o) (_close_r)
C:/ST/STM32CubeIDE_1.15.1/STM32CubeIDE/plugins/com.st.stm32cube.ide.mcu.externaltools.gnu-tools-for-stm32.12.3.rel1.win32_1.0.100.202403111256/tools/bin/../lib/gcc/arm-none-eabi/12.3.1/../../../../arm-none-eabi/lib/thumb/v7e-m+fp/hard\libc_nano.a(libc_a-reent.o)
                              C:/ST/STM32CubeIDE_1.15.1/STM32CubeIDE/plugins/com.st.stm32cube.ide.mcu.externaltools.gnu-tools-for-stm32.12.3.rel1.win32_1.0.100.202403111256/tools/bin/../lib/gcc/arm-none-eabi/12.3.1/../../../../arm-none-eabi/lib/thumb/v7e-m+fp/hard\libc_nano.a(libc_a-closer.o) (errno)
C:/ST/STM32CubeIDE_1.15.1/STM32CubeIDE/plugins/com.st.stm32cube.ide.mcu.externaltools.gnu-tools-for-stm32.12.3.rel1.win32_1.0.100.202403111256/tools/bin/../lib/gcc/arm-none-eabi/12.3.1/../../../../arm-none-eabi/lib/thumb/v7e-m+fp/hard\libc_nano.a(libc_a-impure.o)
                              C:/ST/STM32CubeIDE_1.15.1/STM32CubeIDE/plugins/com.st.stm32cube.ide.mcu.externaltools.gnu-tools-for-stm32.12.3.rel1.win32_1.0.100.202403111256/tools/bin/../lib/gcc/arm-none-eabi/12.3.1/../../../../arm-none-eabi/lib/thumb/v7e-m+fp/hard\libc_nano.a(libc_a-reent.o) (_impure_ptr)
C:/ST/STM32CubeIDE_1.15.1/STM32CubeIDE/plugins/com.st.stm32cube.ide.mcu.externaltools.gnu-tools-for-stm32.12.3.rel1.win32_1.0.100.202403111256/tools/bin/../lib/gcc/arm-none-eabi/12.3.1/../../../../arm-none-eabi/lib/thumb/v7e-m+fp/hard\libc_nano.a(libc_a-lseekr.o)
[...]
Memory Configuration

Name             Origin             Length             Attributes
RAM              0x20000000         0x00010000         xrw
RAM2             0x10000000         0x00004000         xrw
FLASH            0x08000000         0x00040000         xr
*default*        0x00000000         0xffffffff

Linker script and memory map

LOAD C:/ST/STM32CubeIDE_1.15.1/STM32CubeIDE/plugins/com.st.stm32cube.ide.mcu.externaltools.gnu-tools-for-stm32.12.3.rel1.win32_1.0.100.202403111256/tools/bin/../lib/gcc/arm-none-eabi/12.3.1/thumb/v7e-m+fp/hard/crti.o
LOAD C:/ST/STM32CubeIDE_1.15.1/STM32CubeIDE/plugins/com.st.stm32cube.ide.mcu.externaltools.gnu-tools-for-stm32.12.3.rel1.win32_1.0.100.202403111256/tools/bin/../lib/gcc/arm-none-eabi/12.3.1/thumb/v7e-m+fp/hard/crtbegin.o
LOAD C:/ST/STM32CubeIDE_1.15.1/STM32CubeIDE/plugins/com.st.stm32cube.ide.mcu.externaltools.gnu-tools-for-stm32.12.3.rel1.win32_1.0.100.202403111256/tools/bin/../lib/gcc/arm-none-eabi/12.3.1/../../../../arm-none-eabi/lib/thumb/v7e-m+fp/hard/crt0.o
LOAD ./Core/Src/bq40z80.o
LOAD ./Core/Src/bq40z80_action.o
LOAD ./Core/Src/bq40z80_validator.o
LOAD ./Core/Src/gpio.o
LOAD ./Core/Src/i2c.o
LOAD ./Core/Src/i2c_helper.o
LOAD ./Core/Src/main.o
LOAD ./Core/Src/stm32l4xx_hal_msp.o
LOAD ./Core/Src/stm32l4xx_it.o
LOAD ./Core/Src/syscalls.o
LOAD ./Core/Src/sysmem.o
LOAD ./Core/Src/system_stm32l4xx.o
LOAD ./Core/Startup/startup_stm32l433rctxp.o
LOAD ./Drivers/STM32L4xx_HAL_Driver/Src/stm32l4xx_hal.o
LOAD ./Drivers/STM32L4xx_HAL_Driver/Src/stm32l4xx_hal_cortex.o
LOAD ./Drivers/STM32L4xx_HAL_Driver/Src/stm32l4xx_hal_dma.o
LOAD ./Drivers/STM32L4xx_HAL_Driver/Src/stm32l4xx_hal_dma_ex.o
LOAD ./Drivers/STM32L4xx_HAL_Driver/Src/stm32l4xx_hal_exti.o
LOAD ./Drivers/STM32L4xx_HAL_Driver/Src/stm32l4xx_hal_flash.o
LOAD ./Drivers/STM32L4xx_HAL_Driver/Src/stm32l4xx_hal_flash_ex.o
LOAD ./Drivers/STM32L4xx_HAL_Driver/Src/stm32l4xx_hal_flash_ramfunc.o
LOAD ./Drivers/STM32L4xx_HAL_Driver/Src/stm32l4xx_hal_gpio.o
LOAD ./Drivers/STM32L4xx_HAL_Driver/Src/stm32l4xx_hal_i2c.o
LOAD ./Drivers/STM32L4xx_HAL_Driver/Src/stm32l4xx_hal_i2c_ex.o
LOAD ./Drivers/STM32L4xx_HAL_Driver/Src/stm32l4xx_hal_pwr.o
LOAD ./Drivers/STM32L4xx_HAL_Driver/Src/stm32l4xx_hal_pwr_ex.o
LOAD ./Drivers/STM32L4xx_HAL_Driver/Src/stm32l4xx_hal_rcc.o
LOAD ./Drivers/STM32L4xx_HAL_Driver/Src/stm32l4xx_hal_rcc_ex.o
LOAD ./Drivers/STM32L4xx_HAL_Driver/Src/stm32l4xx_hal_tim.o
LOAD ./Drivers/STM32L4xx_HAL_Driver/Src/stm32l4xx_hal_tim_ex.o
START GROUP
LOAD C:/ST/STM32CubeIDE_1.15.1/STM32CubeIDE/plugins/com.st.stm32cube.ide.mcu.externaltools.gnu-tools-for-stm32.12.3.rel1.win32_1.0.100.202403111256/tools/bin/../lib/gcc/arm-none-eabi/12.3.1/../../../../arm-none-eabi/lib/thumb/v7e-m+fp/hard\libc_nano.a
LOAD C:/ST/STM32CubeIDE_1.15.1/STM32CubeIDE/plugins/com.st.stm32cube.ide.mcu.externaltools.gnu-tools-for-stm32.12.3.rel1.win32_1.0.100.202403111256/tools/bin/../lib/gcc/arm-none-eabi/12.3.1/../../../../arm-none-eabi/lib/thumb/v7e-m+fp/hard\libm.a
END GROUP
START GROUP
LOAD C:/ST/STM32CubeIDE_1.15.1/STM32CubeIDE/plugins/com.st.stm32cube.ide.mcu.externaltools.gnu-tools-for-stm32.12.3.rel1.win32_1.0.100.202403111256/tools/bin/../lib/gcc/arm-none-eabi/12.3.1/thumb/v7e-m+fp/hard\libgcc.a
LOAD C:/ST/STM32CubeIDE_1.15.1/STM32CubeIDE/plugins/com.st.stm32cube.ide.mcu.externaltools.gnu-tools-for-stm32.12.3.rel1.win32_1.0.100.202403111256/tools/bin/../lib/gcc/arm-none-eabi/12.3.1/../../../../arm-none-eabi/lib/thumb/v7e-m+fp/hard\libc_nano.a
END GROUP
START GROUP
LOAD C:/ST/STM32CubeIDE_1.15.1/STM32CubeIDE/plugins/com.st.stm32cube.ide.mcu.externaltools.gnu-tools-for-stm32.12.3.rel1.win32_1.0.100.202403111256/tools/bin/../lib/gcc/arm-none-eabi/12.3.1/thumb/v7e-m+fp/hard\libgcc.a
LOAD C:/ST/STM32CubeIDE_1.15.1/STM32CubeIDE/plugins/com.st.stm32cube.ide.mcu.externaltools.gnu-tools-for-stm32.12.3.rel1.win32_1.0.100.202403111256/tools/bin/../lib/gcc/arm-none-eabi/12.3.1/../../../../arm-none-eabi/lib/thumb/v7e-m+fp/hard\libc_nano.a
LOAD C:/ST/STM32CubeIDE_1.15.1/STM32CubeIDE/plugins/com.st.stm32cube.ide.mcu.externaltools.gnu-tools-for-stm32.12.3.rel1.win32_1.0.100.202403111256/tools/bin/../lib/gcc/arm-none-eabi/12.3.1/../../../../arm-none-eabi/lib/thumb/v7e-m+fp/hard\libnosys.a
END GROUP
START GROUP
LOAD C:/ST/STM32CubeIDE_1.15.1/STM32CubeIDE/plugins/com.st.stm32cube.ide.mcu.externaltools.gnu-tools-for-stm32.12.3.rel1.win32_1.0.100.202403111256/tools/bin/../lib/gcc/arm-none-eabi/12.3.1/thumb/v7e-m+fp/hard\libgcc.a
LOAD C:/ST/STM32CubeIDE_1.15.1/STM32CubeIDE/plugins/com.st.stm32cube.ide.mcu.externaltools.gnu-tools-for-stm32.12.3.rel1.win32_1.0.100.202403111256/tools/bin/../lib/gcc/arm-none-eabi/12.3.1/../../../../arm-none-eabi/lib/thumb/v7e-m+fp/hard\libc_nano.a
LOAD C:/ST/STM32CubeIDE_1.15.1/STM32CubeIDE/plugins/com.st.stm32cube.ide.mcu.externaltools.gnu-tools-for-stm32.12.3.rel1.win32_1.0.100.202403111256/tools/bin/../lib/gcc/arm-none-eabi/12.3.1/../../../../arm-none-eabi/lib/thumb/v7e-m+fp/hard\libnosys.a
END GROUP
LOAD C:/ST/STM32CubeIDE_1.15.1/STM32CubeIDE/plugins/com.st.stm32cube.ide.mcu.externaltools.gnu-tools-for-stm32.12.3.rel1.win32_1.0.100.202403111256/tools/bin/../lib/gcc/arm-none-eabi/12.3.1/thumb/v7e-m+fp/hard/crtend.o
LOAD C:/ST/STM32CubeIDE_1.15.1/STM32CubeIDE/plugins/com.st.stm32cube.ide.mcu.externaltools.gnu-tools-for-stm32.12.3.rel1.win32_1.0.100.202403111256/tools/bin/../lib/gcc/arm-none-eabi/12.3.1/thumb/v7e-m+fp/hard/crtn.o
                0x20010000                        _estack = (ORIGIN (RAM) + LENGTH (RAM))
                0x00000200                        _Min_Heap_Size = 0x200
                0x00000400                        _Min_Stack_Size = 0x400

.isr_vector     0x08000000      0x18c
                0x08000000                        . = ALIGN (0x4)
 *(.isr_vector)
 .isr_vector    0x08000000      0x18c ./Core/Startup/startup_stm32l433rctxp.o
                0x08000000                g_pfnVectors
                0x0800018c                        . = ALIGN (0x4)

.text           0x0800018c     0x426c
                0x0800018c                        . = ALIGN (0x4)
 *(.text)
 .text          0x0800018c       0x40 C:/ST/STM32CubeIDE_1.15.1/STM32CubeIDE/plugins/com.st.stm32cube.ide.mcu.externaltools.gnu-tools-for-stm32.12.3.rel1.win32_1.0.100.202403111256/tools/bin/../lib/gcc/arm-none-eabi/12.3.1/thumb/v7e-m+fp/hard/crtbegin.o
 *(.text*)
 .text.BQ_Init  0x080001cc       0xb4 ./Core/Src/bq40z80.o
                0x080001cc                BQ_Init
 .text.BQ_WriteMABlockCommand
                0x08000280       0x44 ./Core/Src/bq40z80.o
                0x08000280                BQ_WriteMABlockCommand
 .text.BQ_ReadMABlockCommand
                0x080002c4       0xd0 ./Core/Src/bq40z80.o
                0x080002c4                BQ_ReadMABlockCommand
 .text.BQ_ReadCommandAsShort
                0x08000394       0x42 ./Core/Src/bq40z80.o
                0x08000394                BQ_ReadCommandAsShort
 .text.BQ_ReadCommandAsInt
                0x080003d6       0x50 ./Core/Src/bq40z80.o
                0x080003d6                BQ_ReadCommandAsInt
 .text.BQAction_SetLed
                0x08000426       0x2c ./Core/Src/bq40z80_action.o
                0x08000426                BQAction_SetLed
 .text.BQAction_SetManufacturingAllFet
                0x08000452       0x2c ./Core/Src/bq40z80_action.o
                0x08000452                BQAction_SetManufacturingAllFet
 .text.BQAction_SetManufacturingFuse
                0x0800047e       0x2c ./Core/Src/bq40z80_action.o
                0x0800047e                BQAction_SetManufacturingFuse
 .text.BQAction_SetCalibration
                0x080004aa       0x2c ./Core/Src/bq40z80_action.o
                0x080004aa                BQAction_SetCalibration
 .text.BQAction_SetManufacturingGauging
                0x080004d6       0x2c ./Core/Src/bq40z80_action.o
                0x080004d6                BQAction_SetManufacturingGauging
 .text.BQAction_SetManufacturingPF
                0x08000502       0x2c ./Core/Src/bq40z80_action.o
                0x08000502                BQAction_SetManufacturingPF
 .text.BQAction_SetManufacturingLF
                0x0800052e       0x2c ./Core/Src/bq40z80_action.o
                0x0800052e                BQAction_SetManufacturingLF
 .text.BQAction_EnableDischarging
                0x0800055a       0xa8 ./Core/Src/bq40z80_action.o
                0x0800055a                BQAction_EnableDischarging
 .text.BQAction_DisableFets
                0x08000602       0x70 ./Core/Src/bq40z80_action.o
                0x08000602                BQAction_DisableFets
 .text.BQAction_TryUnsealedDevice
                0x08000672       0x68 ./Core/Src/bq40z80_action.o
                0x08000672                BQAction_TryUnsealedDevice
 *fill*         0x080006da        0x2 
 .text.BQAction_UpdateData
                0x080006dc       0xcc ./Core/Src/bq40z80_action.o
                0x080006dc                BQAction_UpdateData
 .text.BQAction_UpdateOpStatus
                0x080007a8       0x44 ./Core/Src/bq40z80_action.o
                0x080007a8                BQAction_UpdateOpStatus
 .text.BQ_GetChargeMode
                0x080007ec       0xbc ./Core/Src/bq40z80_validator.o
                0x080007ec                BQ_GetChargeMode
 .text.MX_GPIO_Init
                0x080008a8      0x148 ./Core/Src/gpio.o
                0x080008a8                MX_GPIO_Init
 .text.MX_I2C1_Init
                0x080009f0       0x80 ./Core/Src/i2c.o
                0x080009f0                MX_I2C1_Init
 .text.HAL_I2C_MspInit
                0x08000a70       0xd8 ./Core/Src/i2c.o
                0x08000a70                HAL_I2C_MspInit
 .text.I2CHelper_ReadRegisterAsShort
                0x08000b48       0x42 ./Core/Src/i2c_helper.o
                0x08000b48                I2CHelper_ReadRegisterAsShort
 .text.I2CHelper_ReadRegisterAsChar
                0x08000b8a       0x24 ./Core/Src/i2c_helper.o
                0x08000b8a                I2CHelper_ReadRegisterAsChar
 .text.I2CHelper_ReadRegister
                0x08000bae       0x4c ./Core/Src/i2c_helper.o
                0x08000bae                I2CHelper_ReadRegister
 *fill*         0x08000bfa        0x2 
 .text.HAL_GPIO_EXTI_Callback
                0x08000bfc       0x4c ./Core/Src/main.o
                0x08000bfc                HAL_GPIO_EXTI_Callback
 .text.main     0x08000c48      0x118 ./Core/Src/main.o
                0x08000c48                main
 .text.SystemClock_Config
                0x08000d60       0xa2 ./Core/Src/main.o
                0x08000d60                SystemClock_Config
 .text.Error_Handler
                0x08000e02        0xc ./Core/Src/main.o
                0x08000e02                Error_Handler
 *fill*         0x08000e0e        0x2 
 .text.HAL_MspInit
                0x08000e10       0x48 ./Core/Src/stm32l4xx_hal_msp.o
                0x08000e10                HAL_MspInit
 .text.NMI_Handler
                0x08000e58        0x8 ./Core/Src/stm32l4xx_it.o
                0x08000e58                NMI_Handler
 .text.HardFault_Handler
                0x08000e60        0x8 ./Core/Src/stm32l4xx_it.o
                0x08000e60                HardFault_Handler
 .text.MemManage_Handler
                0x08000e68        0x8 ./Core/Src/stm32l4xx_it.o
                0x08000e68                MemManage_Handler
 .text.BusFault_Handler
                0x08000e70        0x8 ./Core/Src/stm32l4xx_it.o
                0x08000e70                BusFault_Handler
 .text.UsageFault_Handler
                0x08000e78        0x8 ./Core/Src/stm32l4xx_it.o
                0x08000e78                UsageFault_Handler
 .text.SVC_Handler
                0x08000e80        0xe ./Core/Src/stm32l4xx_it.o
                0x08000e80                SVC_Handler
 .text.DebugMon_Handler
                0x08000e8e        0xe ./Core/Src/stm32l4xx_it.o
                0x08000e8e                DebugMon_Handler
 .text.PendSV_Handler
                0x08000e9c        0xe ./Core/Src/stm32l4xx_it.o
                0x08000e9c                PendSV_Handler
 .text.SysTick_Handler
                0x08000eaa        0xc ./Core/Src/stm32l4xx_it.o
                0x08000eaa                SysTick_Handler
 *fill*         0x08000eb6        0x2 
 .text.I2C1_EV_IRQHandler
                0x08000eb8       0x14 ./Core/Src/stm32l4xx_it.o
                0x08000eb8                I2C1_EV_IRQHandler
 .text.I2C1_ER_IRQHandler
                0x08000ecc       0x14 ./Core/Src/stm32l4xx_it.o
                0x08000ecc                I2C1_ER_IRQHandler
 .text.EXTI15_10_IRQHandler
                0x08000ee0       0x10 ./Core/Src/stm32l4xx_it.o
                0x08000ee0                EXTI15_10_IRQHandler
 .text.SystemInit
                0x08000ef0       0x24 ./Core/Src/system_stm32l4xx.o
                0x08000ef0                SystemInit
 .text.Reset_Handler
                0x08000f14       0x50 ./Core/Startup/startup_stm32l433rctxp.o
                0x08000f14                Reset_Handler
 .text.Default_Handler
                0x08000f64        0x2 ./Core/Startup/startup_stm32l433rctxp.o
                0x08000f64                RTC_Alarm_IRQHandler
                0x08000f64                EXTI2_IRQHandler
                0x08000f64                TIM1_CC_IRQHandler
                0x08000f64                TSC_IRQHandler
                0x08000f64                TAMP_STAMP_IRQHandler
                0x08000f64                EXTI3_IRQHandler
                0x08000f64                LPTIM2_IRQHandler
                0x08000f64                I2C3_ER_IRQHandler
                0x08000f64                EXTI0_IRQHandler
                0x08000f64                I2C2_EV_IRQHandler
                0x08000f64                CAN1_RX0_IRQHandler
                0x08000f64                FPU_IRQHandler
                0x08000f64                TIM1_UP_TIM16_IRQHandler
                0x08000f64                SPI1_IRQHandler
                0x08000f64                TIM6_DAC_IRQHandler
                0x08000f64                DMA2_Channel2_IRQHandler
                0x08000f64                DMA1_Channel4_IRQHandler
                0x08000f64                ADC1_IRQHandler
                0x08000f64                USART3_IRQHandler
                0x08000f64                DMA1_Channel7_IRQHandler
                0x08000f64                CAN1_RX1_IRQHandler
                0x08000f64                LCD_IRQHandler
                0x08000f64                DMA2_Channel1_IRQHandler
                0x08000f64                QUADSPI_IRQHandler
                0x08000f64                DMA1_Channel6_IRQHandler
                0x08000f64                DMA2_Channel4_IRQHandler
                0x08000f64                RCC_IRQHandler
                0x08000f64                TIM1_TRG_COM_IRQHandler
                0x08000f64                DMA1_Channel1_IRQHandler
                0x08000f64                Default_Handler
                0x08000f64                DMA2_Channel7_IRQHandler
                0x08000f64                TIM7_IRQHandler
                0x08000f64                SDMMC1_IRQHandler
                0x08000f64                I2C3_EV_IRQHandler
                0x08000f64                USB_IRQHandler
                0x08000f64                EXTI9_5_IRQHandler
                0x08000f64                RTC_WKUP_IRQHandler
                0x08000f64                PVD_PVM_IRQHandler
                0x08000f64                SPI2_IRQHandler
                0x08000f64                CAN1_TX_IRQHandler
                0x08000f64                DMA2_Channel5_IRQHandler
                0x08000f64                CRS_IRQHandler
                0x08000f64                DMA1_Channel5_IRQHandler
                0x08000f64                EXTI4_IRQHandler
                0x08000f64                RNG_IRQHandler
                0x08000f64                DMA1_Channel3_IRQHandler
                0x08000f64                COMP_IRQHandler
                0x08000f64                WWDG_IRQHandler
                0x08000f64                LPUART1_IRQHandler
                0x08000f64                DMA2_Channel6_IRQHandler
                0x08000f64                TIM2_IRQHandler
                0x08000f64                EXTI1_IRQHandler
                0x08000f64                USART2_IRQHandler
                0x08000f64                I2C2_ER_IRQHandler
                0x08000f64                DMA1_Channel2_IRQHandler
                0x08000f64                CAN1_SCE_IRQHandler
                0x08000f64                FLASH_IRQHandler
                0x08000f64                USART1_IRQHandler
                0x08000f64                SPI3_IRQHandler
                0x08000f64                SWPMI1_IRQHandler
                0x08000f64                LPTIM1_IRQHandler
                0x08000f64                SAI1_IRQHandler
                0x08000f64                DMA2_Channel3_IRQHandler
                0x08000f64                TIM1_BRK_TIM15_IRQHandler
 *fill*         0x08000f66        0x2 
 .text.HAL_Init
                0x08000f68       0x40 ./Drivers/STM32L4xx_HAL_Driver/Src/stm32l4xx_hal.o
                0x08000f68                HAL_Init
 .text.HAL_InitTick
                0x08000fa8       0x78 ./Drivers/STM32L4xx_HAL_Driver/Src/stm32l4xx_hal.o
                0x08000fa8                HAL_InitTick
 .text.HAL_IncTick
                0x08001020       0x28 ./Drivers/STM32L4xx_HAL_Driver/Src/stm32l4xx_hal.o
                0x08001020                HAL_IncTick
 .text.HAL_GetTick
                0x08001048       0x18 ./Drivers/STM32L4xx_HAL_Driver/Src/stm32l4xx_hal.o
                0x08001048                HAL_GetTick
 .text.HAL_Delay
                0x08001060       0x48 ./Drivers/STM32L4xx_HAL_Driver/Src/stm32l4xx_hal.o
                0x08001060                HAL_Delay
 .text.__NVIC_SetPriorityGrouping
                0x080010a8       0x48 ./Drivers/STM32L4xx_HAL_Driver/Src/stm32l4xx_hal_cortex.o
 .text.__NVIC_GetPriorityGrouping
                0x080010f0       0x1c ./Drivers/STM32L4xx_HAL_Driver/Src/stm32l4xx_hal_cortex.o
 .text.__NVIC_EnableIRQ
                0x0800110c       0x3c ./Drivers/STM32L4xx_HAL_Driver/Src/stm32l4xx_hal_cortex.o
 .text.__NVIC_SetPriority
                0x08001148       0x54 ./Drivers/STM32L4xx_HAL_Driver/Src/stm32l4xx_hal_cortex.o
 .text.NVIC_EncodePriority
                0x0800119c       0x66 ./Drivers/STM32L4xx_HAL_Driver/Src/stm32l4xx_hal_cortex.o
 *fill*         0x08001202        0x2 
 .text.SysTick_Config
                0x08001204       0x44 ./Drivers/STM32L4xx_HAL_Driver/Src/stm32l4xx_hal_cortex.o
 .text.HAL_NVIC_SetPriorityGrouping
                0x08001248       0x16 ./Drivers/STM32L4xx_HAL_Driver/Src/stm32l4xx_hal_cortex.o
                0x08001248                HAL_NVIC_SetPriorityGrouping
 .text.HAL_NVIC_SetPriority
                0x0800125e       0x38 ./Drivers/STM32L4xx_HAL_Driver/Src/stm32l4xx_hal_cortex.o
                0x0800125e                HAL_NVIC_SetPriority
 .text.HAL_NVIC_EnableIRQ
                0x08001296       0x1c ./Drivers/STM32L4xx_HAL_Driver/Src/stm32l4xx_hal_cortex.o
                0x08001296                HAL_NVIC_EnableIRQ
 .text.HAL_SYSTICK_Config
                0x080012b2       0x18 ./Drivers/STM32L4xx_HAL_Driver/Src/stm32l4xx_hal_cortex.o
                0x080012b2                HAL_SYSTICK_Config
 .text.HAL_DMA_Abort_IT
                0x080012ca       0x82 ./Drivers/STM32L4xx_HAL_Driver/Src/stm32l4xx_hal_dma.o
                0x080012ca                HAL_DMA_Abort_IT
 .text.HAL_DMA_GetState
                0x0800134c       0x1c ./Drivers/STM32L4xx_HAL_Driver/Src/stm32l4xx_hal_dma.o
                0x0800134c                HAL_DMA_GetState
 .text.HAL_GPIO_Init
                0x08001368      0x2f4 ./Drivers/STM32L4xx_HAL_Driver/Src/stm32l4xx_hal_gpio.o
                0x08001368                HAL_GPIO_Init
 .text.HAL_GPIO_WritePin
                0x0800165c       0x30 ./Drivers/STM32L4xx_HAL_Driver/Src/stm32l4xx_hal_gpio.o
                0x0800165c                HAL_GPIO_WritePin
 .text.HAL_GPIO_TogglePin
                0x0800168c       0x34 ./Drivers/STM32L4xx_HAL_Driver/Src/stm32l4xx_hal_gpio.o
                0x0800168c                HAL_GPIO_TogglePin
 .text.HAL_GPIO_EXTI_IRQHandler
                0x080016c0       0x30 ./Drivers/STM32L4xx_HAL_Driver/Src/stm32l4xx_hal_gpio.o
                0x080016c0                HAL_GPIO_EXTI_IRQHandler
 .text.HAL_I2C_Init
                0x080016f0      0x136 ./Drivers/STM32L4xx_HAL_Driver/Src/stm32l4xx_hal_i2c.o
                0x080016f0                HAL_I2C_Init
 *fill*         0x08001826        0x2 
 .text.HAL_I2C_Master_Transmit
                0x08001828      0x230 ./Drivers/STM32L4xx_HAL_Driver/Src/stm32l4xx_hal_i2c.o
                0x08001828                HAL_I2C_Master_Transmit
 .text.HAL_I2C_Master_Receive
                0x08001a58      0x1ec ./Drivers/STM32L4xx_HAL_Driver/Src/stm32l4xx_hal_i2c.o
                0x08001a58                HAL_I2C_Master_Receive
 .text.HAL_I2C_IsDeviceReady
                0x08001c44      0x1d8 ./Drivers/STM32L4xx_HAL_Driver/Src/stm32l4xx_hal_i2c.o
                0x08001c44                HAL_I2C_IsDeviceReady
 .text.HAL_I2C_EV_IRQHandler
                0x08001e1c       0x34 ./Drivers/STM32L4xx_HAL_Driver/Src/stm32l4xx_hal_i2c.o
                0x08001e1c                HAL_I2C_EV_IRQHandler
 .text.HAL_I2C_ER_IRQHandler
                0x08001e50       0xb6 ./Drivers/STM32L4xx_HAL_Driver/Src/stm32l4xx_hal_i2c.o
                0x08001e50                HAL_I2C_ER_IRQHandler
 .text.HAL_I2C_SlaveTxCpltCallback
                0x08001f06       0x14 ./Drivers/STM32L4xx_HAL_Driver/Src/stm32l4xx_hal_i2c.o
                0x08001f06                HAL_I2C_SlaveTxCpltCallback
 .text.HAL_I2C_SlaveRxCpltCallback
                0x08001f1a       0x14 ./Drivers/STM32L4xx_HAL_Driver/Src/stm32l4xx_hal_i2c.o
                0x08001f1a                HAL_I2C_SlaveRxCpltCallback
 .text.HAL_I2C_AddrCallback
                0x08001f2e       0x1c ./Drivers/STM32L4xx_HAL_Driver/Src/stm32l4xx_hal_i2c.o
                0x08001f2e                HAL_I2C_AddrCallback
 .text.HAL_I2C_ListenCpltCallback
                0x08001f4a       0x14 ./Drivers/STM32L4xx_HAL_Driver/Src/stm32l4xx_hal_i2c.o
                0x08001f4a                HAL_I2C_ListenCpltCallback
 .text.HAL_I2C_ErrorCallback
                0x08001f5e       0x14 ./Drivers/STM32L4xx_HAL_Driver/Src/stm32l4xx_hal_i2c.o
                0x08001f5e                HAL_I2C_ErrorCallback
 .text.HAL_I2C_AbortCpltCallback
                0x08001f72       0x14 ./Drivers/STM32L4xx_HAL_Driver/Src/stm32l4xx_hal_i2c.o
                0x08001f72                HAL_I2C_AbortCpltCallback
 .text.I2C_Slave_ISR_IT
                0x08001f86      0x1f2 ./Drivers/STM32L4xx_HAL_Driver/Src/stm32l4xx_hal_i2c.o
 .text.I2C_ITAddrCplt
                0x08002178      0x108 ./Drivers/STM32L4xx_HAL_Driver/Src/stm32l4xx_hal_i2c.o
 .text.I2C_ITSlaveSeqCplt
                0x08002280       0xb8 ./Drivers/STM32L4xx_HAL_Driver/Src/stm32l4xx_hal_i2c.o
 .text.I2C_ITSlaveCplt
                0x08002338      0x2c8 ./Drivers/STM32L4xx_HAL_Driver/Src/stm32l4xx_hal_i2c.o
 .text.I2C_ITListenCplt
                0x08002600       0xa8 ./Drivers/STM32L4xx_HAL_Driver/Src/stm32l4xx_hal_i2c.o
 .text.I2C_ITError
                0x080026a8      0x1e0 ./Drivers/STM32L4xx_HAL_Driver/Src/stm32l4xx_hal_i2c.o
 .text.I2C_TreatErrorCallback
                0x08002888       0x4e ./Drivers/STM32L4xx_HAL_Driver/Src/stm32l4xx_hal_i2c.o
 .text.I2C_Flush_TXDR
                0x080028d6       0x48 ./Drivers/STM32L4xx_HAL_Driver/Src/stm32l4xx_hal_i2c.o
 .text.I2C_DMAAbort
                0x0800291e       0x3c ./Drivers/STM32L4xx_HAL_Driver/Src/stm32l4xx_hal_i2c.o
 .text.I2C_WaitOnFlagUntilTimeout
                0x0800295a       0xb2 ./Drivers/STM32L4xx_HAL_Driver/Src/stm32l4xx_hal_i2c.o
 .text.I2C_WaitOnTXISFlagUntilTimeout
                0x08002a0c       0x8e ./Drivers/STM32L4xx_HAL_Driver/Src/stm32l4xx_hal_i2c.o
 .text.I2C_WaitOnSTOPFlagUntilTimeout
                0x08002a9a       0x86 ./Drivers/STM32L4xx_HAL_Driver/Src/stm32l4xx_hal_i2c.o
 .text.I2C_WaitOnRXNEFlagUntilTimeout
                0x08002b20      0x118 ./Drivers/STM32L4xx_HAL_Driver/Src/stm32l4xx_hal_i2c.o
 .text.I2C_IsErrorOccurred
                0x08002c38      0x1c0 ./Drivers/STM32L4xx_HAL_Driver/Src/stm32l4xx_hal_i2c.o
 .text.I2C_TransferConfig
                0x08002df8       0x64 ./Drivers/STM32L4xx_HAL_Driver/Src/stm32l4xx_hal_i2c.o
 .text.I2C_Disable_IRQ
                0x08002e5c       0xbc ./Drivers/STM32L4xx_HAL_Driver/Src/stm32l4xx_hal_i2c.o
 .text.HAL_I2CEx_ConfigAnalogFilter
                0x08002f18       0x96 ./Drivers/STM32L4xx_HAL_Driver/Src/stm32l4xx_hal_i2c_ex.o
                0x08002f18                HAL_I2CEx_ConfigAnalogFilter
 .text.HAL_I2CEx_ConfigDigitalFilter
                0x08002fae       0x98 ./Drivers/STM32L4xx_HAL_Driver/Src/stm32l4xx_hal_i2c_ex.o
                0x08002fae                HAL_I2CEx_ConfigDigitalFilter
 *fill*         0x08003046        0x2 
 .text.HAL_PWREx_GetVoltageRange
                0x08003048       0x1c ./Drivers/STM32L4xx_HAL_Driver/Src/stm32l4xx_hal_pwr_ex.o
                0x08003048                HAL_PWREx_GetVoltageRange
 .text.HAL_PWREx_ControlVoltageScaling
                0x08003064       0xac ./Drivers/STM32L4xx_HAL_Driver/Src/stm32l4xx_hal_pwr_ex.o
                0x08003064                HAL_PWREx_ControlVoltageScaling
 .text.HAL_RCC_OscConfig
                0x08003110      0x828 ./Drivers/STM32L4xx_HAL_Driver/Src/stm32l4xx_hal_rcc.o
                0x08003110                HAL_RCC_OscConfig
 .text.HAL_RCC_ClockConfig
                0x08003938      0x200 ./Drivers/STM32L4xx_HAL_Driver/Src/stm32l4xx_hal_rcc.o
                0x08003938                HAL_RCC_ClockConfig
 .text.HAL_RCC_GetSysClockFreq
                0x08003b38      0x118 ./Drivers/STM32L4xx_HAL_Driver/Src/stm32l4xx_hal_rcc.o
                0x08003b38                HAL_RCC_GetSysClockFreq
 .text.RCC_SetFlashLatencyFromMSIRange
                0x08003c50       0xc0 ./Drivers/STM32L4xx_HAL_Driver/Src/stm32l4xx_hal_rcc.o
 .text.HAL_RCCEx_PeriphCLKConfig
                0x08003d10      0x494 ./Drivers/STM32L4xx_HAL_Driver/Src/stm32l4xx_hal_rcc_ex.o
                0x08003d10                HAL_RCCEx_PeriphCLKConfig
 .text.RCCEx_PLLSAI1_Config
                0x080041a4      0x1e4 ./Drivers/STM32L4xx_HAL_Driver/Src/stm32l4xx_hal_rcc_ex.o
 .text.memset   0x08004388       0x10 C:/ST/STM32CubeIDE_1.15.1/STM32CubeIDE/plugins/com.st.stm32cube.ide.mcu.externaltools.gnu-tools-for-stm32.12.3.rel1.win32_1.0.100.202403111256/tools/bin/../lib/gcc/arm-none-eabi/12.3.1/../../../../arm-none-eabi/lib/thumb/v7e-m+fp/hard\libc_nano.a(libc_a-memset.o)
                0x08004388                memset
 .text.__libc_init_array
                0x08004398       0x48 C:/ST/STM32CubeIDE_1.15.1/STM32CubeIDE/plugins/com.st.stm32cube.ide.mcu.externaltools.gnu-tools-for-stm32.12.3.rel1.win32_1.0.100.202403111256/tools/bin/../lib/gcc/arm-none-eabi/12.3.1/../../../../arm-none-eabi/lib/thumb/v7e-m+fp/hard\libc_nano.a(libc_a-init.o)
                0x08004398                __libc_init_array
 *(.glue_7)
 .glue_7        0x080043e0        0x0 linker stubs
 *(.glue_7t)
 .glue_7t       0x080043e0        0x0 linker stubs
 *(.eh_frame)
 .eh_frame      0x080043e0        0x0 C:/ST/STM32CubeIDE_1.15.1/STM32CubeIDE/plugins/com.st.stm32cube.ide.mcu.externaltools.gnu-tools-for-stm32.12.3.rel1.win32_1.0.100.202403111256/tools/bin/../lib/gcc/arm-none-eabi/12.3.1/thumb/v7e-m+fp/hard/crtbegin.o
 *(.init)
 .init          0x080043e0        0x4 C:/ST/STM32CubeIDE_1.15.1/STM32CubeIDE/plugins/com.st.stm32cube.ide.mcu.externaltools.gnu-tools-for-stm32.12.3.rel1.win32_1.0.100.202403111256/tools/bin/../lib/gcc/arm-none-eabi/12.3.1/thumb/v7e-m+fp/hard/crti.o
                0x080043e0                _init
 .init          0x080043e4        0x8 C:/ST/STM32CubeIDE_1.15.1/STM32CubeIDE/plugins/com.st.stm32cube.ide.mcu.externaltools.gnu-tools-for-stm32.12.3.rel1.win32_1.0.100.202403111256/tools/bin/../lib/gcc/arm-none-eabi/12.3.1/thumb/v7e-m+fp/hard/crtn.o
 *(.fini)
 .fini          0x080043ec        0x4 C:/ST/STM32CubeIDE_1.15.1/STM32CubeIDE/plugins/com.st.stm32cube.ide.mcu.externaltools.gnu-tools-for-stm32.12.3.rel1.win32_1.0.100.202403111256/tools/bin/../lib/gcc/arm-none-eabi/12.3.1/thumb/v7e-m+fp/hard/crti.o
                0x080043ec                _fini
 .fini          0x080043f0        0x8 C:/ST/STM32CubeIDE_1.15.1/STM32CubeIDE/plugins/com.st.stm32cube.ide.mcu.externaltools.gnu-tools-for-stm32.12.3.rel1.win32_1.0.100.202403111256/tools/bin/../lib/gcc/arm-none-eabi/12.3.1/thumb/v7e-m+fp/hard/crtn.o
                0x080043f8                        . = ALIGN (0x4)
                0x080043f8                        _etext = .

.vfp11_veneer   0x080043f8        0x0
 .vfp11_veneer  0x080043f8        0x0 linker stubs

.v4_bx          0x080043f8        0x0
 .v4_bx         0x080043f8        0x0 linker stubs

.iplt           0x080043f8        0x0
 .iplt          0x080043f8        0x0 C:/ST/STM32CubeIDE_1.15.1/STM32CubeIDE/plugins/com.st.stm32cube.ide.mcu.externaltools.gnu-tools-for-stm32.12.3.rel1.win32_1.0.100.202403111256/tools/bin/../lib/gcc/arm-none-eabi/12.3.1/thumb/v7e-m+fp/hard/crtbegin.o

.rodata         0x080043f8       0x40
                0x080043f8                        . = ALIGN (0x4)
 *(.rodata)
 *(.rodata*)
 .rodata.AHBPrescTable
                0x080043f8       0x10 ./Core/Src/system_stm32l4xx.o
                0x080043f8                AHBPrescTable
 .rodata.MSIRangeTable
                0x08004408       0x30 ./Core/Src/system_stm32l4xx.o
                0x08004408                MSIRangeTable
                0x08004438                        . = ALIGN (0x4)

.ARM.extab      0x08004438        0x0
                0x08004438                        . = ALIGN (0x4)
 *(.ARM.extab* .gnu.linkonce.armextab.*)
                0x08004438                        . = ALIGN (0x4)

.ARM            0x08004438        0x0
                0x08004438                        . = ALIGN (0x4)
                0x08004438                        __exidx_start = .
 *(.ARM.exidx*)
                0x08004438                        __exidx_end = .
                0x08004438                        . = ALIGN (0x4)

.preinit_array  0x08004438        0x0
                0x08004438                        . = ALIGN (0x4)
                0x08004438                        PROVIDE (__preinit_array_start = .)
 *(.preinit_array*)
                0x08004438                        PROVIDE (__preinit_array_end = .)
                0x08004438                        . = ALIGN (0x4)

.init_array     0x08004438        0x4
                0x08004438                        . = ALIGN (0x4)
                0x08004438                        PROVIDE (__init_array_start = .)
 *(SORT_BY_NAME(.init_array.*))
 *(.init_array*)
 .init_array    0x08004438        0x4 C:/ST/STM32CubeIDE_1.15.1/STM32CubeIDE/plugins/com.st.stm32cube.ide.mcu.externaltools.gnu-tools-for-stm32.12.3.rel1.win32_1.0.100.202403111256/tools/bin/../lib/gcc/arm-none-eabi/12.3.1/thumb/v7e-m+fp/hard/crtbegin.o
                0x0800443c                        PROVIDE (__init_array_end = .)
                0x0800443c                        . = ALIGN (0x4)

.fini_array     0x0800443c        0x4
                0x0800443c                        . = ALIGN (0x4)
                [!provide]                        PROVIDE (__fini_array_start = .)
 *(SORT_BY_NAME(.fini_array.*))
 *(.fini_array*)
 .fini_array    0x0800443c        0x4 C:/ST/STM32CubeIDE_1.15.1/STM32CubeIDE/plugins/com.st.stm32cube.ide.mcu.externaltools.gnu-tools-for-stm32.12.3.rel1.win32_1.0.100.202403111256/tools/bin/../lib/gcc/arm-none-eabi/12.3.1/thumb/v7e-m+fp/hard/crtbegin.o
                [!provide]                        PROVIDE (__fini_array_end = .)
                0x08004440                        . = ALIGN (0x4)
                0x08004440                        _sidata = LOADADDR (.data)

.rel.dyn        0x08004440        0x0
 .rel.iplt      0x08004440        0x0 C:/ST/STM32CubeIDE_1.15.1/STM32CubeIDE/plugins/com.st.stm32cube.ide.mcu.externaltools.gnu-tools-for-stm32.12.3.rel1.win32_1.0.100.202403111256/tools/bin/../lib/gcc/arm-none-eabi/12.3.1/thumb/v7e-m+fp/hard/crtbegin.o

.data           0x20000000        0xc load address 0x08004440
                0x20000000                        . = ALIGN (0x4)
                0x20000000                        _sdata = .
 *(.data)
 *(.data*)
 .data.SystemCoreClock
                0x20000000        0x4 ./Core/Src/system_stm32l4xx.o
                0x20000000                SystemCoreClock
 .data.uwTickPrio
                0x20000004        0x4 ./Drivers/STM32L4xx_HAL_Driver/Src/stm32l4xx_hal.o
                0x20000004                uwTickPrio
 .data.uwTickFreq
                0x20000008        0x1 ./Drivers/STM32L4xx_HAL_Driver/Src/stm32l4xx_hal.o
                0x20000008                uwTickFreq
 *(.RamFunc)
 *(.RamFunc*)
                0x2000000c                        . = ALIGN (0x4)
 *fill*         0x20000009        0x3 
                0x2000000c                        _edata = .

.igot.plt       0x2000000c        0x0 load address 0x0800444c
 .igot.plt      0x2000000c        0x0 C:/ST/STM32CubeIDE_1.15.1/STM32CubeIDE/plugins/com.st.stm32cube.ide.mcu.externaltools.gnu-tools-for-stm32.12.3.rel1.win32_1.0.100.202403111256/tools/bin/../lib/gcc/arm-none-eabi/12.3.1/thumb/v7e-m+fp/hard/crtbegin.o
                0x2000000c                        . = ALIGN (0x4)

.bss            0x2000000c       0xf8 load address 0x0800444c
                0x2000000c                        _sbss = .
                0x2000000c                        __bss_start__ = _sbss
 *(.bss)
 .bss           0x2000000c       0x1c C:/ST/STM32CubeIDE_1.15.1/STM32CubeIDE/plugins/com.st.stm32cube.ide.mcu.externaltools.gnu-tools-for-stm32.12.3.rel1.win32_1.0.100.202403111256/tools/bin/../lib/gcc/arm-none-eabi/12.3.1/thumb/v7e-m+fp/hard/crtbegin.o
 *(.bss*)
 .bss.hi2c1     0x20000028       0x54 ./Core/Src/i2c.o
                0x20000028                hi2c1
 .bss.BMS_1     0x2000007c       0x80 ./Core/Src/main.o
                0x2000007c                BMS_1
 .bss.status    0x200000fc        0x1 ./Core/Src/main.o
                0x200000fc                status
 *fill*         0x200000fd        0x3 
 .bss.uwTick    0x20000100        0x4 ./Drivers/STM32L4xx_HAL_Driver/Src/stm32l4xx_hal.o
                0x20000100                uwTick
 *(COMMON)
                0x20000104                        . = ALIGN (0x4)
                0x20000104                        _ebss = .
                0x20000104                        __bss_end__ = _ebss

._user_heap_stack
                0x20000104      0x604 load address 0x0800444c
                0x20000108                        . = ALIGN (0x8)
 *fill*         0x20000104        0x4 
                [!provide]                        PROVIDE (end = .)
                0x20000108                        PROVIDE (_end = .)
                0x20000308                        . = (. + _Min_Heap_Size)
 *fill*         0x20000108      0x200 
                0x20000708                        . = (. + _Min_Stack_Size)
 *fill*         0x20000308      0x400 
                0x20000708                        . = ALIGN (0x8)

/DISCARD/
 libc.a(*)
 libm.a(*)
 libgcc.a(*)

.ARM.attributes
                0x00000000       0x30
 *(.ARM.attributes)
 .ARM.attributes
                0x00000000       0x22 C:/ST/STM32CubeIDE_1.15.1/STM32CubeIDE/plugins/com.st.stm32cube.ide.mcu.externaltools.gnu-tools-for-stm32.12.3.rel1.win32_1.0.100.202403111256/tools/bin/../lib/gcc/arm-none-eabi/12.3.1/thumb/v7e-m+fp/hard/crti.o
 .ARM.attributes
                0x00000022       0x34 C:/ST/STM32CubeIDE_1.15.1/STM32CubeIDE/plugins/com.st.stm32cube.ide.mcu.externaltools.gnu-tools-for-stm32.12.3.rel1.win32_1.0.100.202403111256/tools/bin/../lib/gcc/arm-none-eabi/12.3.1/thumb/v7e-m+fp/hard/crtbegin.o
 .ARM.attributes
                0x00000056       0x34 ./Core/Src/bq40z80.o
 .ARM.attributes
                0x0000008a       0x34 ./Core/Src/bq40z80_action.o
 .ARM.attributes
                0x000000be       0x34 ./Core/Src/bq40z80_validator.o
 .ARM.attributes
                0x000000f2       0x34 ./Core/Src/gpio.o
 .ARM.attributes
                0x00000126       0x34 ./Core/Src/i2c.o
 .ARM.attributes
                0x0000015a       0x34 ./Core/Src/i2c_helper.o
 .ARM.attributes
                0x0000018e       0x34 ./Core/Src/main.o
 .ARM.attributes
                0x000001c2       0x34 ./Core/Src/stm32l4xx_hal_msp.o
 .ARM.attributes
                0x000001f6       0x34 ./Core/Src/stm32l4xx_it.o
 .ARM.attributes
                0x0000022a       0x34 ./Core/Src/system_stm32l4xx.o
 .ARM.attributes
                0x0000025e       0x21 ./Core/Startup/startup_stm32l433rctxp.o
 .ARM.attributes
                0x0000027f       0x34 ./Drivers/STM32L4xx_HAL_Driver/Src/stm32l4xx_hal.o
 .ARM.attributes
                0x000002b3       0x34 ./Drivers/STM32L4xx_HAL_Driver/Src/stm32l4xx_hal_cortex.o
 .ARM.attributes
                0x000002e7       0x34 ./Drivers/STM32L4xx_HAL_Driver/Src/stm32l4xx_hal_dma.o
 .ARM.attributes
                0x0000031b       0x34 ./Drivers/STM32L4xx_HAL_Driver/Src/stm32l4xx_hal_gpio.o
 .ARM.attributes
                0x0000034f       0x34 ./Drivers/STM32L4xx_HAL_Driver/Src/stm32l4xx_hal_i2c.o
 .ARM.attributes
                0x00000383       0x34 ./Drivers/STM32L4xx_HAL_Driver/Src/stm32l4xx_hal_i2c_ex.o
 .ARM.attributes
                0x000003b7       0x34 ./Drivers/STM32L4xx_HAL_Driver/Src/stm32l4xx_hal_pwr_ex.o
 .ARM.attributes
                0x000003eb       0x34 ./Drivers/STM32L4xx_HAL_Driver/Src/stm32l4xx_hal_rcc.o
 .ARM.attributes
                0x0000041f       0x34 ./Drivers/STM32L4xx_HAL_Driver/Src/stm32l4xx_hal_rcc_ex.o
 .ARM.attributes
                0x00000453       0x34 C:/ST/STM32CubeIDE_1.15.1/STM32CubeIDE/plugins/com.st.stm32cube.ide.mcu.externaltools.gnu-tools-for-stm32.12.3.rel1.win32_1.0.100.202403111256/tools/bin/../lib/gcc/arm-none-eabi/12.3.1/../../../../arm-none-eabi/lib/thumb/v7e-m+fp/hard\libc_nano.a(libc_a-memset.o)
 .ARM.attributes
                0x00000487       0x34 C:/ST/STM32CubeIDE_1.15.1/STM32CubeIDE/plugins/com.st.stm32cube.ide.mcu.externaltools.gnu-tools-for-stm32.12.3.rel1.win32_1.0.100.202403111256/tools/bin/../lib/gcc/arm-none-eabi/12.3.1/../../../../arm-none-eabi/lib/thumb/v7e-m+fp/hard\libc_nano.a(libc_a-init.o)
 .ARM.attributes
                0x000004bb       0x22 C:/ST/STM32CubeIDE_1.15.1/STM32CubeIDE/plugins/com.st.stm32cube.ide.mcu.externaltools.gnu-tools-for-stm32.12.3.rel1.win32_1.0.100.202403111256/tools/bin/../lib/gcc/arm-none-eabi/12.3.1/thumb/v7e-m+fp/hard/crtn.o
OUTPUT(BMSv2.elf elf32-littlearm)
LOAD linker stubs
LOAD C:/ST/STM32CubeIDE_1.15.1/STM32CubeIDE/plugins/com.st.stm32cube.ide.mcu.externaltools.gnu-tools-for-stm32.12.3.rel1.win32_1.0.100.202403111256/tools/bin/../lib/gcc/arm-none-eabi/12.3.1/../../../../arm-none-eabi/lib/thumb/v7e-m+fp/hard\libc.a
LOAD C:/ST/STM32CubeIDE_1.15.1/STM32CubeIDE/plugins/com.st.stm32cube.ide.mcu.externaltools.gnu-tools-for-stm32.12.3.rel1.win32_1.0.100.202403111256/tools/bin/../lib/gcc/arm-none-eabi/12.3.1/../../../../arm-none-eabi/lib/thumb/v7e-m+fp/hard\libm.a
LOAD C:/ST/STM32CubeIDE_1.15.1/STM32CubeIDE/plugins/com.st.stm32cube.ide.mcu.externaltools.gnu-tools-for-stm32.12.3.rel1.win32_1.0.100.202403111256/tools/bin/../lib/gcc/arm-none-eabi/12.3.1/thumb/v7e-m+fp/hard\libgcc.a

.debug_info     0x00000000    0x10530
 .debug_info    0x00000000     0x1665 ./Core/Src/bq40z80.o
 .debug_info    0x00001665     0x1668 ./Core/Src/bq40z80_action.o
 .debug_info    0x00002ccd     0x12d5 ./Core/Src/bq40z80_validator.o
 .debug_info    0x00003fa2      0x69f ./Core/Src/gpio.o
 .debug_info    0x00004641      0xe3a ./Core/Src/i2c.o
 .debug_info    0x0000547b     0x14fb ./Core/Src/i2c_helper.o
 .debug_info    0x00006976     0x16ef ./Core/Src/main.o
 .debug_info    0x00008065      0x2cc ./Core/Src/stm32l4xx_hal_msp.o
 .debug_info    0x00008331      0x6f3 ./Core/Src/stm32l4xx_it.o
 .debug_info    0x00008a24      0x5bf ./Core/Src/system_stm32l4xx.o
 .debug_info    0x00008fe3       0x30 ./Core/Startup/startup_stm32l433rctxp.o
 .debug_info    0x00009013      0xb69 ./Drivers/STM32L4xx_HAL_Driver/Src/stm32l4xx_hal.o
 .debug_info    0x00009b7c      0xd27 ./Drivers/STM32L4xx_HAL_Driver/Src/stm32l4xx_hal_cortex.o
 .debug_info    0x0000a8a3      0x6f4 ./Drivers/STM32L4xx_HAL_Driver/Src/stm32l4xx_hal_dma.o
 .debug_info    0x0000af97      0x757 ./Drivers/STM32L4xx_HAL_Driver/Src/stm32l4xx_hal_gpio.o
 .debug_info    0x0000b6ee     0x20d2 ./Drivers/STM32L4xx_HAL_Driver/Src/stm32l4xx_hal_i2c.o
 .debug_info    0x0000d7c0      0x981 ./Drivers/STM32L4xx_HAL_Driver/Src/stm32l4xx_hal_i2c_ex.o
 .debug_info    0x0000e141      0x920 ./Drivers/STM32L4xx_HAL_Driver/Src/stm32l4xx_hal_pwr_ex.o
 .debug_info    0x0000ea61      0xbc3 ./Drivers/STM32L4xx_HAL_Driver/Src/stm32l4xx_hal_rcc.o
 .debug_info    0x0000f624      0xf0c ./Drivers/STM32L4xx_HAL_Driver/Src/stm32l4xx_hal_rcc_ex.o

.debug_abbrev   0x00000000     0x27bc
 .debug_abbrev  0x00000000      0x27f ./Core/Src/bq40z80.o
 .debug_abbrev  0x0000027f      0x2a0 ./Core/Src/bq40z80_action.o
 .debug_abbrev  0x0000051f      0x1ec ./Core/Src/bq40z80_validator.o
 .debug_abbrev  0x0000070b      0x15b ./Core/Src/gpio.o
 .debug_abbrev  0x00000866      0x218 ./Core/Src/i2c.o
 .debug_abbrev  0x00000a7e      0x242 ./Core/Src/i2c_helper.o
 .debug_abbrev  0x00000cc0      0x2e8 ./Core/Src/main.o
 .debug_abbrev  0x00000fa8       0xc6 ./Core/Src/stm32l4xx_hal_msp.o
 .debug_abbrev  0x0000106e      0x17a ./Core/Src/stm32l4xx_it.o
 .debug_abbrev  0x000011e8      0x11a ./Core/Src/system_stm32l4xx.o
 .debug_abbrev  0x00001302       0x24 ./Core/Startup/startup_stm32l433rctxp.o
 .debug_abbrev  0x00001326      0x242 ./Drivers/STM32L4xx_HAL_Driver/Src/stm32l4xx_hal.o
 .debug_abbrev  0x00001568      0x31c ./Drivers/STM32L4xx_HAL_Driver/Src/stm32l4xx_hal_cortex.o
 .debug_abbrev  0x00001884      0x1e4 ./Drivers/STM32L4xx_HAL_Driver/Src/stm32l4xx_hal_dma.o
 .debug_abbrev  0x00001a68      0x1cb ./Drivers/STM32L4xx_HAL_Driver/Src/stm32l4xx_hal_gpio.o
 .debug_abbrev  0x00001c33      0x261 ./Drivers/STM32L4xx_HAL_Driver/Src/stm32l4xx_hal_i2c.o
 .debug_abbrev  0x00001e94      0x1c3 ./Drivers/STM32L4xx_HAL_Driver/Src/stm32l4xx_hal_i2c_ex.o
 .debug_abbrev  0x00002057      0x1f9 ./Drivers/STM32L4xx_HAL_Driver/Src/stm32l4xx_hal_pwr_ex.o
 .debug_abbrev  0x00002250      0x2cb ./Drivers/STM32L4xx_HAL_Driver/Src/stm32l4xx_hal_rcc.o
 .debug_abbrev  0x0000251b      0x2a1 ./Drivers/STM32L4xx_HAL_Driver/Src/stm32l4xx_hal_rcc_ex.o

.debug_aranges  0x00000000      0xb78
 .debug_aranges
                0x00000000       0x58 ./Core/Src/bq40z80.o
 .debug_aranges
                0x00000058       0x88 ./Core/Src/bq40z80_action.o
 .debug_aranges
                0x000000e0       0x20 ./Core/Src/bq40z80_validator.o
 .debug_aranges
                0x00000100       0x20 ./Core/Src/gpio.o
 .debug_aranges
                0x00000120       0x30 ./Core/Src/i2c.o
 .debug_aranges
                0x00000150       0x48 ./Core/Src/i2c_helper.o
 .debug_aranges
                0x00000198       0x38 ./Core/Src/main.o
 .debug_aranges
                0x000001d0       0x20 ./Core/Src/stm32l4xx_hal_msp.o
 .debug_aranges
                0x000001f0       0x78 ./Core/Src/stm32l4xx_it.o
 .debug_aranges
                0x00000268       0x28 ./Core/Src/system_stm32l4xx.o
 .debug_aranges
                0x00000290       0x28 ./Core/Startup/startup_stm32l433rctxp.o
 .debug_aranges
                0x000002b8      0x130 ./Drivers/STM32L4xx_HAL_Driver/Src/stm32l4xx_hal.o
 .debug_aranges
                0x000003e8      0x128 ./Drivers/STM32L4xx_HAL_Driver/Src/stm32l4xx_hal_cortex.o
 .debug_aranges
                0x00000510       0x80 ./Drivers/STM32L4xx_HAL_Driver/Src/stm32l4xx_hal_dma.o
 .debug_aranges
                0x00000590       0x58 ./Drivers/STM32L4xx_HAL_Driver/Src/stm32l4xx_hal_gpio.o
 .debug_aranges
                0x000005e8      0x2a0 ./Drivers/STM32L4xx_HAL_Driver/Src/stm32l4xx_hal_i2c.o
 .debug_aranges
                0x00000888       0x48 ./Drivers/STM32L4xx_HAL_Driver/Src/stm32l4xx_hal_i2c_ex.o
 .debug_aranges
                0x000008d0      0x128 ./Drivers/STM32L4xx_HAL_Driver/Src/stm32l4xx_hal_pwr_ex.o
 .debug_aranges
                0x000009f8       0x90 ./Drivers/STM32L4xx_HAL_Driver/Src/stm32l4xx_hal_rcc.o
 .debug_aranges
                0x00000a88       0xf0 ./Drivers/STM32L4xx_HAL_Driver/Src/stm32l4xx_hal_rcc_ex.o

.debug_rnglists
                0x00000000      0x89f
 .debug_rnglists
                0x00000000       0x3f ./Core/Src/bq40z80.o
 .debug_rnglists
                0x0000003f       0x65 ./Core/Src/bq40z80_action.o
 .debug_rnglists
                0x000000a4       0x14 ./Core/Src/bq40z80_validator.o
 .debug_rnglists
                0x000000b8       0x14 ./Core/Src/gpio.o
 .debug_rnglists
                0x000000cc       0x21 ./Core/Src/i2c.o
 .debug_rnglists
                0x000000ed       0x31 ./Core/Src/i2c_helper.o
 .debug_rnglists
                0x0000011e       0x27 ./Core/Src/main.o
 .debug_rnglists
                0x00000145       0x13 ./Core/Src/stm32l4xx_hal_msp.o
 .debug_rnglists
                0x00000158       0x55 ./Core/Src/stm32l4xx_it.o
 .debug_rnglists
                0x000001ad       0x1a ./Core/Src/system_stm32l4xx.o
 .debug_rnglists
                0x000001c7       0x19 ./Core/Startup/startup_stm32l433rctxp.o
 .debug_rnglists
                0x000001e0       0xdf ./Drivers/STM32L4xx_HAL_Driver/Src/stm32l4xx_hal.o
 .debug_rnglists
                0x000002bf       0xda ./Drivers/STM32L4xx_HAL_Driver/Src/stm32l4xx_hal_cortex.o
 .debug_rnglists
                0x00000399       0x64 ./Drivers/STM32L4xx_HAL_Driver/Src/stm32l4xx_hal_dma.o
 .debug_rnglists
                0x000003fd       0x3f ./Drivers/STM32L4xx_HAL_Driver/Src/stm32l4xx_hal_gpio.o
 .debug_rnglists
                0x0000043c      0x228 ./Drivers/STM32L4xx_HAL_Driver/Src/stm32l4xx_hal_i2c.o
 .debug_rnglists
                0x00000664       0x35 ./Drivers/STM32L4xx_HAL_Driver/Src/stm32l4xx_hal_i2c_ex.o
 .debug_rnglists
                0x00000699       0xdf ./Drivers/STM32L4xx_HAL_Driver/Src/stm32l4xx_hal_pwr_ex.o
 .debug_rnglists
                0x00000778       0x6d ./Drivers/STM32L4xx_HAL_Driver/Src/stm32l4xx_hal_rcc.o
 .debug_rnglists
                0x000007e5       0xba ./Drivers/STM32L4xx_HAL_Driver/Src/stm32l4xx_hal_rcc_ex.o

.debug_macro    0x00000000    0x22d62
 .debug_macro   0x00000000      0x30f ./Core/Src/bq40z80.o
 .debug_macro   0x0000030f      0xab4 ./Core/Src/bq40z80.o
 .debug_macro   0x00000dc3      0x1d2 ./Core/Src/bq40z80.o
 .debug_macro   0x00000f95      0x1fc ./Core/Src/bq40z80.o
 .debug_macro   0x00001191       0x22 ./Core/Src/bq40z80.o
 .debug_macro   0x000011b3       0x8e ./Core/Src/bq40z80.o
 .debug_macro   0x00001241       0x51 ./Core/Src/bq40z80.o
 .debug_macro   0x00001292      0x103 ./Core/Src/bq40z80.o
 .debug_macro   0x00001395       0x6a ./Core/Src/bq40z80.o
 .debug_macro   0x000013ff      0x1df ./Core/Src/bq40z80.o
 .debug_macro   0x000015de      0x1a1 ./Core/Src/bq40z80.o
 .debug_macro   0x0000177f       0x2e ./Core/Src/bq40z80.o
 .debug_macro   0x000017ad       0x28 ./Core/Src/bq40z80.o
 .debug_macro   0x000017d5       0x1c ./Core/Src/bq40z80.o
 .debug_macro   0x000017f1       0x22 ./Core/Src/bq40z80.o
 .debug_macro   0x00001813       0xfb ./Core/Src/bq40z80.o
 .debug_macro   0x0000190e     0x1011 ./Core/Src/bq40z80.o
 .debug_macro   0x0000291f      0x11f ./Core/Src/bq40z80.o
 .debug_macro   0x00002a3e    0x16153 ./Core/Src/bq40z80.o
 .debug_macro   0x00018b91       0x6d ./Core/Src/bq40z80.o
 .debug_macro   0x00018bfe     0x38fb ./Core/Src/bq40z80.o
 .debug_macro   0x0001c4f9      0x189 ./Core/Src/bq40z80.o
 .debug_macro   0x0001c682       0x5c ./Core/Src/bq40z80.o
 .debug_macro   0x0001c6de     0x13b4 ./Core/Src/bq40z80.o
 .debug_macro   0x0001da92      0x5dd ./Core/Src/bq40z80.o
 .debug_macro   0x0001e06f      0x1b9 ./Core/Src/bq40z80.o
 .debug_macro   0x0001e228      0x130 ./Core/Src/bq40z80.o
 .debug_macro   0x0001e358      0x26b ./Core/Src/bq40z80.o
 .debug_macro   0x0001e5c3      0x23d ./Core/Src/bq40z80.o
 .debug_macro   0x0001e800      0x241 ./Core/Src/bq40z80.o
 .debug_macro   0x0001ea41      0x375 ./Core/Src/bq40z80.o
 .debug_macro   0x0001edb6       0xd6 ./Core/Src/bq40z80.o
 .debug_macro   0x0001ee8c      0x22c ./Core/Src/bq40z80.o
 .debug_macro   0x0001f0b8       0x61 ./Core/Src/bq40z80.o
 .debug_macro   0x0001f119       0xa5 ./Core/Src/bq40z80.o
 .debug_macro   0x0001f1be      0x122 ./Core/Src/bq40z80.o
 .debug_macro   0x0001f2e0      0x364 ./Core/Src/bq40z80.o
 .debug_macro   0x0001f644      0x26d ./Core/Src/bq40z80.o
 .debug_macro   0x0001f8b1       0x22 ./Core/Src/bq40z80.o
 .debug_macro   0x0001f8d3       0x61 ./Core/Src/bq40z80.o
 .debug_macro   0x0001f934       0x2a ./Core/Src/bq40z80.o
 .debug_macro   0x0001f95e       0x43 ./Core/Src/bq40z80.o
 .debug_macro   0x0001f9a1       0x34 ./Core/Src/bq40z80.o
 .debug_macro   0x0001f9d5       0x16 ./Core/Src/bq40z80.o
 .debug_macro   0x0001f9eb       0x35 ./Core/Src/bq40z80.o
 .debug_macro   0x0001fa20      0x369 ./Core/Src/bq40z80.o
 .debug_macro   0x0001fd89       0x10 ./Core/Src/bq40z80.o
 .debug_macro   0x0001fd99       0x16 ./Core/Src/bq40z80.o
 .debug_macro   0x0001fdaf       0x43 ./Core/Src/bq40z80.o
 .debug_macro   0x0001fdf2       0x34 ./Core/Src/bq40z80.o
 .debug_macro   0x0001fe26       0x10 ./Core/Src/bq40z80.o
 .debug_macro   0x0001fe36       0x58 ./Core/Src/bq40z80.o
 .debug_macro   0x0001fe8e       0x8e ./Core/Src/bq40z80.o
 .debug_macro   0x0001ff1c       0x1c ./Core/Src/bq40z80.o
 .debug_macro   0x0001ff38      0x177 ./Core/Src/bq40z80.o
 .debug_macro   0x000200af       0x16 ./Core/Src/bq40z80.o
 .debug_macro   0x000200c5       0x16 ./Core/Src/bq40z80.o
 .debug_macro   0x000200db      0x146 ./Core/Src/bq40z80.o
 .debug_macro   0x00020221       0xa0 ./Core/Src/bq40z80.o
 .debug_macro   0x000202c1      0x309 ./Core/Src/bq40z80_action.o
 .debug_macro   0x000205ca      0x309 ./Core/Src/bq40z80_validator.o
 .debug_macro   0x000208d3      0x2fb ./Core/Src/gpio.o
 .debug_macro   0x00020bce      0x2fb ./Core/Src/i2c.o
 .debug_macro   0x00020ec9      0x2fb ./Core/Src/i2c_helper.o
 .debug_macro   0x000211c4      0x2ff ./Core/Src/main.o
 .debug_macro   0x000214c3      0x2f7 ./Core/Src/stm32l4xx_hal_msp.o
 .debug_macro   0x000217ba      0x301 ./Core/Src/stm32l4xx_it.o
 .debug_macro   0x00021abb      0x1b1 ./Core/Src/system_stm32l4xx.o
 .debug_macro   0x00021c6c      0x1ff ./Drivers/STM32L4xx_HAL_Driver/Src/stm32l4xx_hal.o
 .debug_macro   0x00021e6b      0x1b1 ./Drivers/STM32L4xx_HAL_Driver/Src/stm32l4xx_hal_cortex.o
 .debug_macro   0x0002201c      0x1b1 ./Drivers/STM32L4xx_HAL_Driver/Src/stm32l4xx_hal_dma.o
 .debug_macro   0x000221cd      0x1b8 ./Drivers/STM32L4xx_HAL_Driver/Src/stm32l4xx_hal_gpio.o
 .debug_macro   0x00022385      0x27d ./Drivers/STM32L4xx_HAL_Driver/Src/stm32l4xx_hal_i2c.o
 .debug_macro   0x00022602      0x1b1 ./Drivers/STM32L4xx_HAL_Driver/Src/stm32l4xx_hal_i2c_ex.o
 .debug_macro   0x000227b3      0x1d5 ./Drivers/STM32L4xx_HAL_Driver/Src/stm32l4xx_hal_pwr_ex.o
 .debug_macro   0x00022988      0x1f3 ./Drivers/STM32L4xx_HAL_Driver/Src/stm32l4xx_hal_rcc.o
 .debug_macro   0x00022b7b      0x1e7 ./Drivers/STM32L4xx_HAL_Driver/Src/stm32l4xx_hal_rcc_ex.o

.debug_line     0x00000000    0x1060f
 .debug_line    0x00000000      0xaa6 ./Core/Src/bq40z80.o
 .debug_line    0x00000aa6      0xbac ./Core/Src/bq40z80_action.o
 .debug_line    0x00001652      0x985 ./Core/Src/bq40z80_validator.o
 .debug_line    0x00001fd7      0x95c ./Core/Src/gpio.o
 .debug_line    0x00002933      0x9b0 ./Core/Src/i2c.o
 .debug_line    0x000032e3      0xa1f ./Core/Src/i2c_helper.o
 .debug_line    0x00003d02      0xa21 ./Core/Src/main.o
 .debug_line    0x00004723      0x922 ./Core/Src/stm32l4xx_hal_msp.o
 .debug_line    0x00005045      0xa2d ./Core/Src/stm32l4xx_it.o
 .debug_line    0x00005a72      0x7b7 ./Core/Src/system_stm32l4xx.o
 .debug_line    0x00006229       0x7a ./Core/Startup/startup_stm32l433rctxp.o
 .debug_line    0x000062a3      0xb13 ./Drivers/STM32L4xx_HAL_Driver/Src/stm32l4xx_hal.o
 .debug_line    0x00006db6      0xcdb ./Drivers/STM32L4xx_HAL_Driver/Src/stm32l4xx_hal_cortex.o
 .debug_line    0x00007a91      0xd17 ./Drivers/STM32L4xx_HAL_Driver/Src/stm32l4xx_hal_dma.o
 .debug_line    0x000087a8      0xb4a ./Drivers/STM32L4xx_HAL_Driver/Src/stm32l4xx_hal_gpio.o
 .debug_line    0x000092f2     0x3a45 ./Drivers/STM32L4xx_HAL_Driver/Src/stm32l4xx_hal_i2c.o
 .debug_line    0x0000cd37      0x93a ./Drivers/STM32L4xx_HAL_Driver/Src/stm32l4xx_hal_i2c_ex.o
 .debug_line    0x0000d671      0xc1f ./Drivers/STM32L4xx_HAL_Driver/Src/stm32l4xx_hal_pwr_ex.o
 .debug_line    0x0000e290      0xfc9 ./Drivers/STM32L4xx_HAL_Driver/Src/stm32l4xx_hal_rcc.o
 .debug_line    0x0000f259     0x13b6 ./Drivers/STM32L4xx_HAL_Driver/Src/stm32l4xx_hal_rcc_ex.o

.debug_str      0x00000000    0xca7f4
 .debug_str     0x00000000    0xc7077 ./Core/Src/bq40z80.o
                              0xc7465 (size before relaxing)
 .debug_str     0x000c7077      0x17f ./Core/Src/bq40z80_action.o
                              0xc754d (size before relaxing)
 .debug_str     0x000c71f6       0x2c ./Core/Src/bq40z80_validator.o
                              0xc72cb (size before relaxing)
 .debug_str     0x000c7222      0x5ef ./Core/Src/gpio.o
                              0xc6e96 (size before relaxing)
 .debug_str     0x000c7811      0x270 ./Core/Src/i2c.o
                              0xc759b (size before relaxing)
 .debug_str     0x000c7a81       0xc5 ./Core/Src/i2c_helper.o
                              0xc73a3 (size before relaxing)
 .debug_str     0x000c7b46      0x215 ./Core/Src/main.o
                              0xc756a (size before relaxing)
 .debug_str     0x000c7d5b       0x2c ./Core/Src/stm32l4xx_hal_msp.o
                              0xc6983 (size before relaxing)
 .debug_str     0x000c7d87      0x149 ./Core/Src/stm32l4xx_it.o
                              0xc6e17 (size before relaxing)
 .debug_str     0x000c7ed0       0xf2 ./Core/Src/system_stm32l4xx.o
                              0xc1bbc (size before relaxing)
 .debug_str     0x000c7fc2       0x45 ./Core/Startup/startup_stm32l433rctxp.o
                                 0x89 (size before relaxing)
 .debug_str     0x000c8007      0x687 ./Drivers/STM32L4xx_HAL_Driver/Src/stm32l4xx_hal.o
                              0xc26ca (size before relaxing)
 .debug_str     0x000c868e      0x355 ./Drivers/STM32L4xx_HAL_Driver/Src/stm32l4xx_hal_cortex.o
                              0xc2361 (size before relaxing)
 .debug_str     0x000c89e3      0x25d ./Drivers/STM32L4xx_HAL_Driver/Src/stm32l4xx_hal_dma.o
                              0xc1e23 (size before relaxing)
 .debug_str     0x000c8c40       0xd7 ./Drivers/STM32L4xx_HAL_Driver/Src/stm32l4xx_hal_gpio.o
                              0xc1d30 (size before relaxing)
 .debug_str     0x000c8d17      0xd61 ./Drivers/STM32L4xx_HAL_Driver/Src/stm32l4xx_hal_i2c.o
                              0xc2dba (size before relaxing)
 .debug_str     0x000c9a78       0xb8 ./Drivers/STM32L4xx_HAL_Driver/Src/stm32l4xx_hal_i2c_ex.o
                              0xc20c9 (size before relaxing)
 .debug_str     0x000c9b30      0x449 ./Drivers/STM32L4xx_HAL_Driver/Src/stm32l4xx_hal_pwr_ex.o
                              0xc2064 (size before relaxing)
 .debug_str     0x000c9f79      0x33a ./Drivers/STM32L4xx_HAL_Driver/Src/stm32l4xx_hal_rcc.o
                              0xc21bc (size before relaxing)
 .debug_str     0x000ca2b3      0x541 ./Drivers/STM32L4xx_HAL_Driver/Src/stm32l4xx_hal_rcc_ex.o
                              0xc2459 (size before relaxing)

.comment        0x00000000       0x43
 .comment       0x00000000       0x43 ./Core/Src/bq40z80.o
                                 0x44 (size before relaxing)
 .comment       0x00000043       0x44 ./Core/Src/bq40z80_action.o
 .comment       0x00000043       0x44 ./Core/Src/bq40z80_validator.o
 .comment       0x00000043       0x44 ./Core/Src/gpio.o
 .comment       0x00000043       0x44 ./Core/Src/i2c.o
 .comment       0x00000043       0x44 ./Core/Src/i2c_helper.o
 .comment       0x00000043       0x44 ./Core/Src/main.o
 .comment       0x00000043       0x44 ./Core/Src/stm32l4xx_hal_msp.o
 .comment       0x00000043       0x44 ./Core/Src/stm32l4xx_it.o
 .comment       0x00000043       0x44 ./Core/Src/system_stm32l4xx.o
 .comment       0x00000043       0x44 ./Drivers/STM32L4xx_HAL_Driver/Src/stm32l4xx_hal.o
 .comment       0x00000043       0x44 ./Drivers/STM32L4xx_HAL_Driver/Src/stm32l4xx_hal_cortex.o
 .comment       0x00000043       0x44 ./Drivers/STM32L4xx_HAL_Driver/Src/stm32l4xx_hal_dma.o
 .comment       0x00000043       0x44 ./Drivers/STM32L4xx_HAL_Driver/Src/stm32l4xx_hal_gpio.o
 .comment       0x00000043       0x44 ./Drivers/STM32L4xx_HAL_Driver/Src/stm32l4xx_hal_i2c.o
 .comment       0x00000043       0x44 ./Drivers/STM32L4xx_HAL_Driver/Src/stm32l4xx_hal_i2c_ex.o
 .comment       0x00000043       0x44 ./Drivers/STM32L4xx_HAL_Driver/Src/stm32l4xx_hal_pwr_ex.o
 .comment       0x00000043       0x44 ./Drivers/STM32L4xx_HAL_Driver/Src/stm32l4xx_hal_rcc.o
 .comment       0x00000043       0x44 ./Drivers/STM32L4xx_HAL_Driver/Src/stm32l4xx_hal_rcc_ex.o

.debug_frame    0x00000000     0x2c60
 .debug_frame   0x00000000      0x134 ./Core/Src/bq40z80.o
 .debug_frame   0x00000134      0x208 ./Core/Src/bq40z80_action.o
 .debug_frame   0x0000033c       0x34 ./Core/Src/bq40z80_validator.o
 .debug_frame   0x00000370       0x34 ./Core/Src/gpio.o
 .debug_frame   0x000003a4       0x78 ./Core/Src/i2c.o
 .debug_frame   0x0000041c       0xe8 ./Core/Src/i2c_helper.o
 .debug_frame   0x00000504       0x90 ./Core/Src/main.o
 .debug_frame   0x00000594       0x38 ./Core/Src/stm32l4xx_hal_msp.o
 .debug_frame   0x000005cc      0x158 ./Core/Src/stm32l4xx_it.o
 .debug_frame   0x00000724       0x58 ./Core/Src/system_stm32l4xx.o
 .debug_frame   0x0000077c      0x498 ./Drivers/STM32L4xx_HAL_Driver/Src/stm32l4xx_hal.o
 .debug_frame   0x00000c14      0x4e8 ./Drivers/STM32L4xx_HAL_Driver/Src/stm32l4xx_hal_cortex.o
 .debug_frame   0x000010fc      0x204 ./Drivers/STM32L4xx_HAL_Driver/Src/stm32l4xx_hal_dma.o
 .debug_frame   0x00001300      0x14c ./Drivers/STM32L4xx_HAL_Driver/Src/stm32l4xx_hal_gpio.o
 .debug_frame   0x0000144c      0xc38 ./Drivers/STM32L4xx_HAL_Driver/Src/stm32l4xx_hal_i2c.o
 .debug_frame   0x00002084      0x100 ./Drivers/STM32L4xx_HAL_Driver/Src/stm32l4xx_hal_i2c_ex.o
 .debug_frame   0x00002184      0x4a4 ./Drivers/STM32L4xx_HAL_Driver/Src/stm32l4xx_hal_pwr_ex.o
 .debug_frame   0x00002628      0x21c ./Drivers/STM32L4xx_HAL_Driver/Src/stm32l4xx_hal_rcc.o
 .debug_frame   0x00002844      0x3d0 ./Drivers/STM32L4xx_HAL_Driver/Src/stm32l4xx_hal_rcc_ex.o
 .debug_frame   0x00002c14       0x20 C:/ST/STM32CubeIDE_1.15.1/STM32CubeIDE/plugins/com.st.stm32cube.ide.mcu.externaltools.gnu-tools-for-stm32.12.3.rel1.win32_1.0.100.202403111256/tools/bin/../lib/gcc/arm-none-eabi/12.3.1/../../../../arm-none-eabi/lib/thumb/v7e-m+fp/hard\libc_nano.a(libc_a-memset.o)
 .debug_frame   0x00002c34       0x2c C:/ST/STM32CubeIDE_1.15.1/STM32CubeIDE/plugins/com.st.stm32cube.ide.mcu.externaltools.gnu-tools-for-stm32.12.3.rel1.win32_1.0.100.202403111256/tools/bin/../lib/gcc/arm-none-eabi/12.3.1/../../../../arm-none-eabi/lib/thumb/v7e-m+fp/hard\libc_nano.a(libc_a-init.o)

.debug_line_str
                0x00000000       0x6d
 .debug_line_str
                0x00000000       0x6d ./Core/Startup/startup_stm32l433rctxp.o
