../Core/Src/bq40z80_validator.c:14:15:BQ_GetSecurityMode	8	static
../Core/Src/bq40z80_validator.c:31:13:BQ_GetChargeMode	232	static
../Core/Src/bq40z80_validator.c:81:6:BQ_IsDischargeFetEnabled	8	static
../Core/Src/bq40z80_validator.c:86:6:BQ_IsChargeFetEnabled	8	static
../Core/Src/bq40z80_validator.c:91:6:BQ_IsPreChargeFetEnabled	8	static
../Core/Src/bq40z80_validator.c:96:6:BQ_IsPreDischargeFetEnabled	8	static
../Core/Src/bq40z80_validator.c:101:6:BQ_IsDischargeEnabled	8	static
../Core/Src/bq40z80_validator.c:106:6:BQ_IsChargeEnabled	8	static
../Core/Src/bq40z80_validator.c:111:6:BQ_IsLedEnabled	8	static
../Core/Src/bq40z80_validator.c:116:6:BQ_IsPreChargeFetTestEnabled	8	static
../Core/Src/bq40z80_validator.c:121:6:BQ_IsChargeFetTestEnabled	8	static
../Core/Src/bq40z80_validator.c:126:6:BQ_IsDischargeFetTestEnabled	8	static
../Core/Src/bq40z80_validator.c:131:6:BQ_IsManufacturingGaugingEnabled	8	static
../Core/Src/bq40z80_validator.c:140:6:BQ_IsManufacturingAllFetEnabled	8	static
../Core/Src/bq40z80_validator.c:145:6:BQ_IsManufacturingLifetimeEnabled	8	static
../Core/Src/bq40z80_validator.c:150:6:BQ_IsManufacturingPermanentFailureEnabled	8	static
../Core/Src/bq40z80_validator.c:155:6:BQ_IsManufacturingFuseEnabled	8	static
../Core/Src/bq40z80_validator.c:160:6:BQ_IsPreDischargeFetTestEnabled	8	static
../Core/Src/bq40z80_validator.c:165:6:BQ_IsManufacturingCalibrationEnabled	8	static
