../Core/Src/bq40z80_parser.c:9:6:decimalToBinary	32	static
../Core/Src/bq40z80_parser.c:36:6:BQ_ParseAllFlags	224	static
../Core/Src/bq40z80_parser.c:53:6:BQ_ParseOperationStatus	16	static
../Core/Src/bq40z80_parser.c:60:6:BQ_ParseChargeStatus	8	static
../Core/Src/bq40z80_parser.c:66:6:BQ_ParseGaugeStatus	8	static
../Core/Src/bq40z80_parser.c:72:6:BQ_ParseBatteryStatus	8	static
../Core/Src/bq40z80_parser.c:78:6:BQ_ParseBatteryMode	8	static
../Core/Src/bq40z80_parser.c:84:6:BQ_ParseManufacturingStatus	8	static
../Core/Src/bq40z80_parser.c:89:6:BQ_ParseGpio	8	static
