../Core/Src/bq40z80_action.c:8:6:BQAction_SetLed	256	static
../Core/Src/bq40z80_action.c:20:6:BQAction_SetManufacturingAllFet	256	static
../Core/Src/bq40z80_action.c:32:6:BQAction_SetManufacturingFuse	256	static
../Core/Src/bq40z80_action.c:43:6:BQAction_SetCalibration	256	static
../Core/Src/bq40z80_action.c:55:6:BQAction_SetManufacturingGauging	256	static
../Core/Src/bq40z80_action.c:66:6:BQAction_SetManufacturingPF	256	static
../Core/Src/bq40z80_action.c:77:6:BQAction_SetManufacturingLF	256	static
../Core/Src/bq40z80_action.c:89:6:BQAction_EnableCharging	256	static
../Core/Src/bq40z80_action.c:128:6:BQAction_EnableDischarging	256	static
../Core/Src/bq40z80_action.c:167:6:BQAction_EnablePreDischarging	256	static
../Core/Src/bq40z80_action.c:208:6:BQAction_DisableFets	256	static
../Core/Src/bq40z80_action.c:232:6:BQAction_TryUpdateFlash	8	static
../Core/Src/bq40z80_action.c:241:6:BQAction_ForceUpdateFlash	272	static
../Core/Src/bq40z80_action.c:262:6:BQAction_TryUnsealedDevice	264	static
../Core/Src/bq40z80_action.c:292:6:BQAction_UpdateData	288	static
../Core/Src/bq40z80_action.c:314:6:BQAction_UpdateOpStatus	264	static
