../Core/Src/bq40z80.c:9:10:BQ40Z80_init	16	static
../Core/Src/bq40z80.c:37:14:get_battery_mode	24	static
../Core/Src/bq40z80.c:44:10:set_battery_mode	16	static
../Core/Src/bq40z80.c:50:14:get_temperature	24	static
../Core/Src/bq40z80.c:57:14:get_voltage	24	static
../Core/Src/bq40z80.c:64:14:get_current	24	static
../Core/Src/bq40z80.c:71:13:get_rsoc	24	static
../Core/Src/bq40z80.c:78:14:get_remaining_capacity	24	static
../Core/Src/bq40z80.c:85:14:get_full_charge_capacity	24	static
../Core/Src/bq40z80.c:92:14:get_average_time_to_empty	24	static
../Core/Src/bq40z80.c:99:14:get_average_time_to_full	24	static
../Core/Src/bq40z80.c:106:14:get_cycle_count	24	static
../Core/Src/bq40z80.c:113:14:get_design_capacity	24	static
../Core/Src/bq40z80.c:120:14:get_design_voltage	24	static
../Core/Src/bq40z80.c:127:14:get_cell_voltage	72	static
../Core/Src/bq40z80.c:174:10:set_capm	24	static
../Core/Src/bq40z80.c:185:10:read_da_status_1	48	static
../Core/Src/bq40z80.c:211:10:read_da_status_3	40	static
../Core/Src/bq40z80.c:232:23:smbus_read_word	40	static
../Core/Src/bq40z80.c:248:23:smbus_write_word	32	static
../Core/Src/bq40z80.c:271:23:smbus_read_block	40	static
../Core/Src/bq40z80.c:288:23:smbus_write_block	304	static
../Core/Src/bq40z80.c:311:23:mfa_read_block	32	static
