../Core/Src/bq40z80_validator.c:14:15:BQ_GetSecurityMode	8	static
../Core/Src/bq40z80_validator.c:31:13:BQ_GetChargeMode	256	static
../Core/Src/bq40z80_validator.c:81:6:BQ_IsDischargeFetEnabled	8	static
../Core/Src/bq40z80_validator.c:86:6:BQ_IsChargeFetEnabled	8	static
../Core/Src/bq40z80_validator.c:91:6:BQ_IsPreChargeFetEnabled	8	static
../Core/Src/bq40z80_validator.c:98:6:BQ_IsDischargeEnabled	8	static
../Core/Src/bq40z80_validator.c:103:6:BQ_IsChargeEnabled	8	static
../Core/Src/bq40z80_validator.c:108:6:BQ_IsPreDischargeFetEnabled	8	static
../Core/Src/bq40z80_validator.c:115:6:BQ_IsManufacturingFuseEnabled	8	static
../Core/Src/bq40z80_validator.c:120:6:BQ_IsDischargeFetTestEnabled	8	static
../Core/Src/bq40z80_validator.c:125:6:BQ_IsChargeFetTestEnabled	8	static
../Core/Src/bq40z80_validator.c:130:6:BQ_IsPreDischargeFetTestEnabled	8	static
../Core/Src/bq40z80_validator.c:135:6:BQ_IsPreChargeFetTestEnabled	8	static
../Core/Src/bq40z80_validator.c:144:6:BQ_IsManufacturingAllFetEnabled	8	static
../Core/Src/bq40z80_validator.c:149:6:BQ_IsManufacturingGaugingEnabled	8	static
../Core/Src/bq40z80_validator.c:154:6:BQ_IsManufacturingCalibrationEnabled	8	static
../Core/Src/bq40z80_validator.c:159:6:BQ_IsManufacturingPermanentFailureEnabled	8	static
../Core/Src/bq40z80_validator.c:164:6:BQ_IsManufacturingLifetimeEnabled	8	static
../Core/Src/bq40z80_validator.c:169:6:BQ_IsLedEnabled	8	static
