../Core/Src/bq40z80_validator.c:13:15:BQ_GetSecurityMode	8	static
../Core/Src/bq40z80_validator.c:30:13:BQ_GetChargeMode	256	static
../Core/Src/bq40z80_validator.c:49:24:BQ_GetBoundaryCellVoltage	32	static
../Core/Src/bq40z80_validator.c:80:6:BQ_IsDischargeFetEnabled	8	static
../Core/Src/bq40z80_validator.c:85:6:BQ_IsChargeFetEnabled	8	static
../Core/Src/bq40z80_validator.c:90:6:BQ_IsPreChargeFetEnabled	8	static
../Core/Src/bq40z80_validator.c:97:6:BQ_IsDischargeEnabled	8	static
../Core/Src/bq40z80_validator.c:102:6:BQ_IsChargeEnabled	8	static
../Core/Src/bq40z80_validator.c:107:6:BQ_IsPreDischargeFetEnabled	8	static
../Core/Src/bq40z80_validator.c:114:6:BQ_IsManufacturingFuseEnabled	8	static
../Core/Src/bq40z80_validator.c:119:6:BQ_IsDischargeFetTestEnabled	8	static
../Core/Src/bq40z80_validator.c:124:6:BQ_IsChargeFetTestEnabled	8	static
../Core/Src/bq40z80_validator.c:129:6:BQ_IsPreDischargeFetTestEnabled	8	static
../Core/Src/bq40z80_validator.c:134:6:BQ_IsPreChargeFetTestEnabled	8	static
../Core/Src/bq40z80_validator.c:143:6:BQ_IsManufacturingAllFetEnabled	8	static
../Core/Src/bq40z80_validator.c:148:6:BQ_IsManufacturingGaugingEnabled	8	static
../Core/Src/bq40z80_validator.c:153:6:BQ_IsManufacturingCalibrationEnabled	8	static
../Core/Src/bq40z80_validator.c:158:6:BQ_IsManufacturingPermanentFailureEnabled	8	static
../Core/Src/bq40z80_validator.c:163:6:BQ_IsManufacturingLifetimeEnabled	8	static
../Core/Src/bq40z80_validator.c:168:6:BQ_IsLedEnabled	8	static
