../Core/Src/main.c:70:6:HAL_GPIO_EXTI_Callback	16	static
../Core/Src/main.c:91:5:main	8	static
../Core/Src/main.c:158:6:SystemClock_Config	96	static
../Core/Src/main.c:204:6:BQ_and_can	24	static
../Core/Src/main.c:266:6:HAL_CAN_RxFifo0MsgPendingCallback	16	static
../Core/Src/main.c:270:6:HAL_CAN_ErrorCallback	16	static
../Core/Src/main.c:274:6:HAL_CAN_TxMailbox0CompleteCallback	16	static
../Core/Src/main.c:278:6:HAL_CAN_TxMailbox0AbortCallback	16	static
../Core/Src/main.c:287:6:Error_Handler	4	static,ignoring_inline_asm
