../libVescCan/src/libVescCan/VESC_Convert.c:3:6:VESC_convertCmdToRaw	24	static
../libVescCan/src/libVescCan/VESC_Convert.c:44:6:VESC_convertStatus1ToRaw	24	static
../libVescCan/src/libVescCan/VESC_Convert.c:58:6:VESC_convertStatus2ToRaw	24	static
../libVescCan/src/libVescCan/VESC_Convert.c:71:6:VESC_convertStatus3ToRaw	24	static
../libVescCan/src/libVescCan/VESC_Convert.c:84:6:VESC_convertStatus4ToRaw	24	static
../libVescCan/src/libVescCan/VESC_Convert.c:99:6:VESC_convertStatus5ToRaw	24	static
../libVescCan/src/libVescCan/VESC_Convert.c:112:6:VESC_convertStatus6ToRaw	24	static
../libVescCan/src/libVescCan/VESC_Convert.c:127:6:VESC_convertStatus7ToRaw	24	static
../libVescCan/src/libVescCan/VESC_Convert.c:139:6:VESC_convertStatus8ToRaw	32	static
../libVescCan/src/libVescCan/VESC_Convert.c:154:6:VESC_convertStatus9ToRaw	24	static
../libVescCan/src/libVescCan/VESC_Convert.c:168:6:VESC_convertStatus10ToRaw	24	static
../libVescCan/src/libVescCan/VESC_Convert.c:184:6:VESC_convertRawToCmd	16	static
../libVescCan/src/libVescCan/VESC_Convert.c:225:6:VESC_convertRawToStatus1	16	static
../libVescCan/src/libVescCan/VESC_Convert.c:239:6:VESC_convertRawToStatus2	16	static
../libVescCan/src/libVescCan/VESC_Convert.c:252:6:VESC_convertRawToStatus3	16	static
../libVescCan/src/libVescCan/VESC_Convert.c:265:6:VESC_convertRawToStatus4	16	static
../libVescCan/src/libVescCan/VESC_Convert.c:280:6:VESC_convertRawToStatus5	16	static
../libVescCan/src/libVescCan/VESC_Convert.c:293:6:VESC_convertRawToStatus6	16	static
../libVescCan/src/libVescCan/VESC_Convert.c:308:6:VESC_convertRawToStatus7	16	static
../libVescCan/src/libVescCan/VESC_Convert.c:320:6:VESC_convertRawToStatus8	16	static
../libVescCan/src/libVescCan/VESC_Convert.c:335:6:VESC_convertRawToStatus9	16	static
../libVescCan/src/libVescCan/VESC_Convert.c:349:6:VESC_convertRawToStatus10	24	static
